// Jest Snapshot v1, https://goo.gl/fbAQLP

exports[`OverallRanking matches snapshot 1`] = `
<div>
  <div
    class="sc-jqUVSM ibeUEl"
  >
    <h1
      class="sc-kDDrLX dwkZS"
    >
      Overall Ranking
    </h1>
    <div
      class="sc-bczRLJ ccrZxC"
    >
      <div
        class="sc-gsnTZi ehtIOX"
      >
        <div
          class="sc-dkzDqf sc-eCYdqJ huYvCz eXzVjt"
        >
          Rank position
        </div>
        <div
          class="sc-dkzDqf sc-eCYdqJ huYvCz eXzVjt"
        >
          Full name
        </div>
        <div
          class="sc-dkzDqf sc-eCYdqJ huYvCz eXzVjt"
        >
          Score
        </div>
        <div
          class="sc-dkzDqf sc-eCYdqJ huYvCz eXzVjt"
        >
          Last activity
        </div>
      </div>
      <div
        class="sc-gsnTZi sc-gKXOVf ehtIOX TGFbt"
      >
        <div
          class="sc-dkzDqf huYvCz"
        />
        <div
          class="sc-dkzDqf huYvCz"
        />
        <div
          class="sc-dkzDqf huYvCz"
        />
        <div
          class="sc-dkzDqf huYvCz"
        />
      </div>
    </div>
  </div>
</div>
`;
